// Jest Snapshot v1, https://goo.gl/fbAQLP

exports[`ContainerTableLoading Renders a details error view 1`] = `
<DocumentFragment>
  <table
    class="MuiTable-root"
  >
    <thead
      class="MuiTableHead-root"
    >
      <tr
        class="MuiTableRow-root MuiTableRow-head"
      >
        <th
          class="MuiTableCell-root MuiTableCell-head"
          scope="col"
        >
          File
        </th>
        <th
          class="MuiTableCell-root MuiTableCell-head"
          scope="col"
        >
          Type
        </th>
      </tr>
    </thead>
    <tbody
      class="MuiTableBody-root"
    >
      <tr
        class="MuiTableRow-root"
      >
        <td
          class="MuiTableCell-root MuiTableCell-body"
        >
          <span
            class="MuiSkeleton-root MuiSkeleton-text MuiSkeleton-pulse"
            style="width: 100px;"
          />
        </td>
        <td
          class="MuiTableCell-root MuiTableCell-body"
        >
          <span
            class="MuiSkeleton-root MuiSkeleton-text MuiSkeleton-pulse"
            style="width: 100px;"
          />
        </td>
      </tr>
      <tr
        class="MuiTableRow-root"
      >
        <td
          class="MuiTableCell-root MuiTableCell-body"
        >
          <span
            class="MuiSkeleton-root MuiSkeleton-text MuiSkeleton-pulse"
            style="width: 100px;"
          />
        </td>
        <td
          class="MuiTableCell-root MuiTableCell-body"
        >
          <span
            class="MuiSkeleton-root MuiSkeleton-text MuiSkeleton-pulse"
            style="width: 100px;"
          />
        </td>
      </tr>
      <tr
        class="MuiTableRow-root"
      >
        <td
          class="MuiTableCell-root MuiTableCell-body"
        >
          <span
            class="MuiSkeleton-root MuiSkeleton-text MuiSkeleton-pulse"
            style="width: 100px;"
          />
        </td>
        <td
          class="MuiTableCell-root MuiTableCell-body"
        >
          <span
            class="MuiSkeleton-root MuiSkeleton-text MuiSkeleton-pulse"
            style="width: 100px;"
          />
        </td>
      </tr>
    </tbody>
  </table>
</DocumentFragment>
`;
