// Jest Snapshot v1, https://goo.gl/fbAQLP

exports[`Bookmark it renders a bookmark icon 1`] = `
<DocumentFragment>
  <button
    class="PodBrowser-button PodBrowser-button--text"
    disabled=""
    type="button"
  >
    <i
      alt="bookmark button"
      aria-label="bookmark"
      class="PodBrowser-icon-star PodBrowser-bookmark-icon-unselected"
    />
  </button>
</DocumentFragment>
`;
