// Jest Snapshot v1, https://goo.gl/fbAQLP

exports[`ContainerPageHeader Renders view 1`] = `
<DocumentFragment>
  <div
    class="PodBrowser-page-header PodBrowser-files-container-header"
  >
    <h1
      class="PodBrowser-page-header__title"
    >
      Files
    </h1>
    <div
      class="PodBrowser-page-header__content"
    />
    <div
      class="PodBrowser-page-header__toolbar"
    >
      <div
        class="PodBrowser-indicator"
        data-testid="pod-indicator"
      >
        <span
          class="PodBrowser-root PodBrowser-text PodBrowser-pulse"
          style="width: 100px; display: inline-block;"
        />
      </div>
    </div>
  </div>
</DocumentFragment>
`;
