// Jest Snapshot v1, https://goo.gl/fbAQLP

exports[`ContainerPageHeader Renders view 1`] = `
<PageHeader
  mutate={[Function]}
>
  <PageHeader
    actions={
      Array [
        <ContainerDetailsButton
          className="makeStyles-page-header__action-5"
        />,
        <AddFolderFlyout
          className="makeStyles-page-header__action-5"
          onSave={[Function]}
          resourceList={Array []}
        />,
        <AddFileButton
          className="makeStyles-page-header__action-5"
          onSave={[Function]}
          resourceList={Array []}
        />,
      ]
    }
    title="Files"
  >
    <div
      className="makeStyles-page-header-1"
    >
      <h1
        className="makeStyles-page-header__title-2"
      >
        Files
      </h1>
      <div
        className="makeStyles-page-header__content-3"
      />
      <div
        className="makeStyles-page-header__toolbar-4"
      >
        <ContainerDetailsButton
          className="makeStyles-page-header__action-5"
        >
          <ResourceLink
            action="details"
            className="makeStyles-page-header__action-5"
          >
            <Link
              as={
                Object {
                  "pathname": "/resource/[iri]",
                  "query": Object {
                    "action": "details",
                    "resourceIri": "",
                  },
                }
              }
              href={
                Object {
                  "pathname": "/resource/[iri]",
                  "query": Object {
                    "action": "details",
                    "resourceIri": "",
                  },
                }
              }
              replace={true}
            >
              <a
                className="makeStyles-page-header__action-5"
                href="/resource/[iri]?action=details&resourceIri="
                onClick={[Function]}
                onMouseEnter={[Function]}
              >
                Folder Details
              </a>
            </Link>
          </ResourceLink>
        </ContainerDetailsButton>
        <AddFolderFlyout
          className="makeStyles-page-header__action-5"
          onSave={[Function]}
          resourceList={Array []}
        >
          <button
            className="makeStyles-page-header__action-5"
            id="add-folder-button"
            onClick={[Function]}
            type="button"
          >
            Create Folder
          </button>
          <WithStyles(ForwardRef(Popover))
            anchorEl={null}
            anchorOrigin={
              Object {
                "horizontal": "center",
                "vertical": "bottom",
              }
            }
            onClose={[Function]}
            open={false}
            transformOrigin={
              Object {
                "horizontal": "center",
                "vertical": "top",
              }
            }
          >
            <ForwardRef(Popover)
              anchorEl={null}
              anchorOrigin={
                Object {
                  "horizontal": "center",
                  "vertical": "bottom",
                }
              }
              classes={
                Object {
                  "paper": "MuiPopover-paper",
                  "root": "MuiPopover-root",
                }
              }
              onClose={[Function]}
              open={false}
              transformOrigin={
                Object {
                  "horizontal": "center",
                  "vertical": "top",
                }
              }
            >
              <ForwardRef(Modal)
                BackdropProps={
                  Object {
                    "invisible": true,
                  }
                }
                className="MuiPopover-root"
                onClose={[Function]}
                open={false}
              />
            </ForwardRef(Popover)>
          </WithStyles(ForwardRef(Popover))>
        </AddFolderFlyout>
        <AddFileButton
          className="makeStyles-page-header__action-5"
          onSave={[Function]}
          resourceList={Array []}
        >
          <label
            className="makeStyles-page-header__action-5"
            disabled={false}
          >
            Upload File
            <input
              onChange={[Function]}
              onClick={[Function]}
              style={
                Object {
                  "display": "none",
                }
              }
              type="file"
            />
          </label>
        </AddFileButton>
      </div>
    </div>
  </PageHeader>
</PageHeader>
`;
