// Jest Snapshot v1, https://goo.gl/fbAQLP

exports[`ContainerPageHeader Renders view 1`] = `
<DocumentFragment>
  <div
    class="makeStyles-page-header-1"
  >
    <h1
      class="makeStyles-page-header__title-2"
    >
      Files
    </h1>
    <div
      class="makeStyles-page-header__content-3"
    />
    <div
      class="makeStyles-page-header__toolbar-4"
    >
      <a
        class="makeStyles-page-header__action-5"
        data-testid="folder-details-button"
        href="/resource/[iri]?action=details&resourceIri="
      >
        Folder Details
      </a>
      <button
        class="makeStyles-page-header__action-5"
        data-testid="add-folder-button"
        type="button"
      >
        Create Folder
      </button>
      <label
        class="makeStyles-page-header__action-5"
        data-testid="upload-file-button"
      >
        Upload File
        <input
          data-testid="upload-file-input"
          style="display: none;"
          type="file"
        />
      </label>
    </div>
  </div>
</DocumentFragment>
`;
