// Jest Snapshot v1, https://goo.gl/fbAQLP

exports[`UserMenu renders a menu 1`] = `
<DocumentFragment>
  <div
    class="PodBrowser-userMenu"
  >
    <div
      class="PodBrowser-header-banner__aside-menu PodBrowser-header-banner__aside-menu--popup"
    >
      <button
        aria-controls="UserMenu"
        aria-expanded="true"
        aria-haspopup="true"
        class="PodBrowser-header-banner__aside-menu-trigger"
        data-testid="user-menu-button"
        type="button"
      >
        <i
          aria-label="User Menu"
          class="PodBrowser-icon-user PodBrowser-header-banner__aside-menu-trigger-icon"
        />
      </button>
      <div
        aria-hidden="true"
        class="PodBrowser-header-banner__aside-menu-popup"
        id="UserMenu"
      >
        <ul
          class="PodBrowser-header-banner__user-menu"
        >
          <li
            class="PodBrowser-header-banner__user-menu-item"
            style="z-index: 100;"
          >
            <button
              class="PodBrowser-header-banner__user-menu-item-trigger"
              type="button"
            >
              <i
                class="PodBrowser-icon-user PodBrowser-header-banner__user-menu-item-icon"
              />
              <span
                class="PodBrowser-header-banner__user-menu-item-label"
              >
                Profile
              </span>
            </button>
          </li>
          <li
            class="PodBrowser-header-banner__user-menu-item"
            style="z-index: 100;"
          >
            <div
              role="button"
              tabindex="0"
            >
              <button
                class="PodBrowser-header-banner__user-menu-item-trigger"
                data-testid="logout-button"
                type="button"
              >
                <i
                  class="PodBrowser-icon-log-out PodBrowser-header-banner__user-menu-item-icon"
                />
                <span
                  class="PodBrowser-header-banner__user-menu-item-label"
                >
                  Log out
                </span>
              </button>
            </div>
          </li>
        </ul>
      </div>
    </div>
  </div>
</DocumentFragment>
`;
