// Jest Snapshot v1, https://goo.gl/fbAQLP

exports[`ContainerTableRow it renders a table row 1`] = `
<WithStyles(ForwardRef(TableRow))
  className="makeStyles-tableRow-1"
  onClick={[Function]}
>
  <WithStyles(ForwardRef(TableCell))>
    <Link
      href="/resource/https%3A%2F%2Fexample.com%2Fexample.ttl"
    >
      <a>
        <Component />
      </a>
    </Link>
  </WithStyles(ForwardRef(TableCell))>
  <WithStyles(ForwardRef(TableCell))
    key="https://example.com/example.ttl"
  >
    <WithStyles(ForwardRef(Skeleton))
      variant="text"
      width={100}
    />
  </WithStyles(ForwardRef(TableCell))>
</WithStyles(ForwardRef(TableRow))>
`;
