// Jest Snapshot v1, https://goo.gl/fbAQLP

exports[`Resource page Renders the resource page 1`] = `
<PodLocationProvider
  currentUri="https%3A%2F%2Fmypod.myhost.com"
>
  <DetailsMenuProvider>
    <Container
      iri="https://mypod.myhost.com"
    />
  </DetailsMenuProvider>
</PodLocationProvider>
`;
