// Jest Snapshot v1, https://goo.gl/fbAQLP

exports[`Access Required page with profile that has access to Pod 1`] = `
<DocumentFragment>
  <div>
    <div
      class="PodBrowser-page-header"
    >
      <h1
        class="PodBrowser-page-header__title"
      >
        No access to resource
      </h1>
      <div
        class="PodBrowser-page-header__content"
      />
      <div
        class="PodBrowser-page-header__toolbar"
      />
    </div>
    <div
      class="PodBrowser-hero"
    >
      <h1>
        You don’t have access to this resource
      </h1>
    </div>
    <div
      class="PodBrowser-container"
    >
      <div
        class="PodBrowser-content"
      >
        <p>
          <strong>
            To manage your Trusted Applications:
          </strong>
        </p>
        <ol>
          <li>
            Log into your Pod.
          </li>
          <li>
            Display your 
            <a
              href="https://github.com/solid/userguide/blob/master/README.md#preferences"
            >
              Preferences
            </a>
            .
          </li>
          <li>
            In the Manage your trusted applications table, against the URL of PodBrowser (
            <strong>
              http://localhost
            </strong>
            ):
            <ol>
              <li>
                Select Read, Write, Append, and Control Access Modes.
              </li>
              <li>
                Click "Update" under Actions.
              </li>
            </ol>
          </li>
        </ol>
        <p>
          You should now be able to access your Pod using the PodBrowser.
        </p>
      </div>
    </div>
  </div>
</DocumentFragment>
`;
