// Jest Snapshot v1, https://goo.gl/fbAQLP

exports[`Container details Renders container details 1`] = `
<Fragment>
  <section>
    <WithStyles(ForwardRef(Typography))
      title="iri"
      variant="h3"
    >
      Container Name
    </WithStyles(ForwardRef(Typography))>
  </section>
  <section>
    <WithStyles(ForwardRef(Typography))
      variant="h5"
    >
      Details
    </WithStyles(ForwardRef(Typography))>
  </section>
  <WithStyles(ForwardRef(Divider)) />
  <section>
    <WithStyles(ForwardRef(List))>
      <WithStyles(ForwardRef(ListItem))>
        <WithStyles(ForwardRef(Typography))>
          Thing Type:
        </WithStyles(ForwardRef(Typography))>
        <WithStyles(ForwardRef(Typography))
          className="undefined undefined"
        >
          Container
        </WithStyles(ForwardRef(Typography))>
      </WithStyles(ForwardRef(ListItem))>
    </WithStyles(ForwardRef(List))>
  </section>
</Fragment>
`;
