// Jest Snapshot v1, https://goo.gl/fbAQLP

exports[`ContainerTableRowSkeleton Renders a ContainerTableRowSkeleton 1`] = `
<WithStyles(ForwardRef(TableRow))
  key="no-resources-found"
>
  <WithStyles(ForwardRef(TableCell))
    rowSpan={3}
  >
    <Link
      href="/resource/https%3A%2F%2Fexample.com%2Fresource"
    >
      <a>
        /resource
      </a>
    </Link>
  </WithStyles(ForwardRef(TableCell))>
</WithStyles(ForwardRef(TableRow))>
`;
