// Jest Snapshot v1, https://goo.gl/fbAQLP

exports[`Logout button Renders a logout button 1`] = `
<MockedSessionContextProvider>
  <g
    session={
      Object {
        "fetch": [MockFunction],
        "handleIncomingRedirect": [MockFunction] {
          "calls": Array [
            Array [
              "http://localhost/",
            ],
          ],
          "results": Array [
            Object {
              "type": "return",
              "value": Promise {},
            },
          ],
        },
        "info": Object {
          "isLoggedIn": true,
          "sessionId": "some-session-id",
          "webId": "http://example.com/webId#me",
        },
        "on": [MockFunction] {
          "calls": Array [
            Array [
              "logout",
              [Function],
            ],
          ],
          "results": Array [
            Object {
              "type": "return",
              "value": undefined,
            },
          ],
        },
      }
    }
    sessionId="test-session"
    sessionRequestInProgress={false}
  >
    <Logout
      className={null}
    >
      <L
        onLogout={[Function]}
      >
        <div
          onClick={[Function]}
          onKeyDown={[Function]}
          role="button"
          tabIndex={0}
        >
          <button
            className={null}
            data-testid="logout-button"
            type="button"
          >
            Log Out
          </button>
        </div>
      </L>
    </Logout>
  </g>
</MockedSessionContextProvider>
`;
