// Jest Snapshot v1, https://goo.gl/fbAQLP

exports[`MenuDrawer renders menu drawer 1`] = `
<DocumentFragment>
  <div
    class="PodBrowser-hamburgerMenu"
  >
    <button
      class="PodBrowser-root PodBrowser-root PodBrowser-text"
      tabindex="0"
      type="button"
    >
      <span
        class="PodBrowser-label"
      >
        <i
          aria-label="Menu"
          class="PodBrowser-icon-bars PodBrowser-icon"
        />
      </span>
      <span
        class="PodBrowser-root"
      />
    </button>
  </div>
</DocumentFragment>
`;
