// Jest Snapshot v1, https://goo.gl/fbAQLP

exports[`Pod list Renders a container if there is one pod iri 1`] = `
<Container
  iri="https://mypod.myhost.com"
/>
`;

exports[`Pod list Renders a table if there are multiple pod iris 1`] = `
<Fragment>
  <WithStyles(ForwardRef(Table))>
    <WithStyles(ForwardRef(TableHead))>
      <WithStyles(ForwardRef(TableRow))>
        <WithStyles(ForwardRef(TableCell))>
          Pod IRI
        </WithStyles(ForwardRef(TableCell))>
      </WithStyles(ForwardRef(TableRow))>
    </WithStyles(ForwardRef(TableHead))>
    <WithStyles(ForwardRef(TableBody))>
      <WithStyles(ForwardRef(TableRow))>
        <WithStyles(ForwardRef(TableCell))>
          <Link
            href="/resource/https%3A%2F%2Fmypod.myhost.com"
          >
            <a>
              https://mypod.myhost.com
            </a>
          </Link>
        </WithStyles(ForwardRef(TableCell))>
      </WithStyles(ForwardRef(TableRow))>
      <WithStyles(ForwardRef(TableRow))>
        <WithStyles(ForwardRef(TableCell))>
          <Link
            href="/resource/https%3A%2F%2Fmyotherpod.myotherhost.com"
          >
            <a>
              https://myotherpod.myotherhost.com
            </a>
          </Link>
        </WithStyles(ForwardRef(TableCell))>
      </WithStyles(ForwardRef(TableRow))>
    </WithStyles(ForwardRef(TableBody))>
  </WithStyles(ForwardRef(Table))>
  <DetailsContextMenu />
</Fragment>
`;

exports[`Pod list Renders null if there are no pod iris 1`] = `""`;
