// Jest Snapshot v1, https://goo.gl/fbAQLP

exports[`AuthProfileLoadError renders 1`] = `
<DocumentFragment>
  <div
    data-testid="auth-profile-load-error"
  >
    <div
      class="PodBrowser-page-header"
    >
      <h1
        class="PodBrowser-page-header__title"
      >
        Failed loading your profile
      </h1>
      <div
        class="PodBrowser-page-header__content"
      />
      <div
        class="PodBrowser-page-header__toolbar"
      />
    </div>
    <div
      class="PodBrowser-container"
    >
      <p>
        PodBrowser were not able to load your profile.
      </p>
    </div>
  </div>
</DocumentFragment>
`;
