// Jest Snapshot v1, https://goo.gl/fbAQLP

exports[`Index page Renders null if there are no pod iris 1`] = `
<MockedSessionContextProvider>
  <g
    session={
      Object {
        "fetch": [MockFunction],
        "handleIncomingRedirect": [MockFunction] {
          "calls": Array [
            Array [
              "http://localhost/",
            ],
          ],
          "results": Array [
            Object {
              "type": "return",
              "value": Promise {},
            },
          ],
        },
        "info": Object {
          "isLoggedIn": true,
          "sessionId": "some-session-id",
          "webId": "http://example.com/webId#me",
        },
        "on": [MockFunction] {
          "calls": Array [
            Array [
              "logout",
              [Function],
            ],
          ],
          "results": Array [
            Object {
              "type": "return",
              "value": undefined,
            },
          ],
        },
      }
    }
    sessionId="test-session"
    sessionRequestInProgress={false}
  >
    <Home />
  </g>
</MockedSessionContextProvider>
`;
