// Jest Snapshot v1, https://goo.gl/fbAQLP

exports[`AddFileButton Renders an add file button 1`] = `
<DocumentFragment>
  <label
    data-testid="upload-file-button"
  >
    Upload File
    <input
      data-testid="upload-file-input"
      style="display: none;"
      type="file"
    />
  </label>
</DocumentFragment>
`;
