// Jest Snapshot v1, https://goo.gl/fbAQLP

exports[`AddFileButton Renders an add file button 1`] = `
<PodLocationProvider
  currentUri="https://www.mypodbrowser.com"
>
  <AddFileButton
    onSave={[Function]}
  >
    <WithStyles(ForwardRef(Button))
      color="primary"
      component="label"
      disabled={false}
      type="submit"
      variant="contained"
    >
      <ForwardRef(Button)
        classes={
          Object {
            "colorInherit": "MuiButton-colorInherit",
            "contained": "MuiButton-contained",
            "containedPrimary": "MuiButton-containedPrimary",
            "containedSecondary": "MuiButton-containedSecondary",
            "containedSizeLarge": "MuiButton-containedSizeLarge",
            "containedSizeSmall": "MuiButton-containedSizeSmall",
            "disableElevation": "MuiButton-disableElevation",
            "disabled": "Mui-disabled",
            "endIcon": "MuiButton-endIcon",
            "focusVisible": "Mui-focusVisible",
            "fullWidth": "MuiButton-fullWidth",
            "iconSizeLarge": "MuiButton-iconSizeLarge",
            "iconSizeMedium": "MuiButton-iconSizeMedium",
            "iconSizeSmall": "MuiButton-iconSizeSmall",
            "label": "MuiButton-label",
            "outlined": "MuiButton-outlined",
            "outlinedPrimary": "MuiButton-outlinedPrimary",
            "outlinedSecondary": "MuiButton-outlinedSecondary",
            "outlinedSizeLarge": "MuiButton-outlinedSizeLarge",
            "outlinedSizeSmall": "MuiButton-outlinedSizeSmall",
            "root": "MuiButton-root",
            "sizeLarge": "MuiButton-sizeLarge",
            "sizeSmall": "MuiButton-sizeSmall",
            "startIcon": "MuiButton-startIcon",
            "text": "MuiButton-text",
            "textPrimary": "MuiButton-textPrimary",
            "textSecondary": "MuiButton-textSecondary",
            "textSizeLarge": "MuiButton-textSizeLarge",
            "textSizeSmall": "MuiButton-textSizeSmall",
          }
        }
        color="primary"
        component="label"
        disabled={false}
        type="submit"
        variant="contained"
      >
        <WithStyles(ForwardRef(ButtonBase))
          className="MuiButton-root MuiButton-contained MuiButton-containedPrimary"
          component="label"
          disabled={false}
          focusRipple={true}
          focusVisibleClassName="Mui-focusVisible"
          type="submit"
        >
          <ForwardRef(ButtonBase)
            className="MuiButton-root MuiButton-contained MuiButton-containedPrimary"
            classes={
              Object {
                "disabled": "Mui-disabled",
                "focusVisible": "Mui-focusVisible",
                "root": "MuiButtonBase-root",
              }
            }
            component="label"
            disabled={false}
            focusRipple={true}
            focusVisibleClassName="Mui-focusVisible"
            type="submit"
          >
            <label
              aria-disabled={false}
              className="MuiButtonBase-root MuiButton-root MuiButton-contained MuiButton-containedPrimary"
              onBlur={[Function]}
              onDragLeave={[Function]}
              onFocus={[Function]}
              onKeyDown={[Function]}
              onKeyUp={[Function]}
              onMouseDown={[Function]}
              onMouseLeave={[Function]}
              onMouseUp={[Function]}
              onTouchEnd={[Function]}
              onTouchMove={[Function]}
              onTouchStart={[Function]}
              role="button"
              tabIndex={0}
            >
              <span
                className="MuiButton-label"
              >
                Upload File
                <input
                  onChange={[Function]}
                  style={
                    Object {
                      "display": "none",
                    }
                  }
                  type="file"
                />
              </span>
              <WithStyles(memo)
                center={false}
              >
                <ForwardRef(TouchRipple)
                  center={false}
                  classes={
                    Object {
                      "child": "MuiTouchRipple-child",
                      "childLeaving": "MuiTouchRipple-childLeaving",
                      "childPulsate": "MuiTouchRipple-childPulsate",
                      "ripple": "MuiTouchRipple-ripple",
                      "ripplePulsate": "MuiTouchRipple-ripplePulsate",
                      "rippleVisible": "MuiTouchRipple-rippleVisible",
                      "root": "MuiTouchRipple-root",
                    }
                  }
                >
                  <span
                    className="MuiTouchRipple-root"
                  >
                    <TransitionGroup
                      childFactory={[Function]}
                      component={null}
                      exit={true}
                    />
                  </span>
                </ForwardRef(TouchRipple)>
              </WithStyles(memo)>
            </label>
          </ForwardRef(ButtonBase)>
        </WithStyles(ForwardRef(ButtonBase))>
      </ForwardRef(Button)>
    </WithStyles(ForwardRef(Button))>
  </AddFileButton>
</PodLocationProvider>
`;
