// Jest Snapshot v1, https://goo.gl/fbAQLP

exports[`PodRootLoadError renders 1`] = `
<DocumentFragment>
  <div
    data-testid="pod-root-load-error"
  >
    <div
      class="PodBrowser-page-header"
    >
      <h1
        class="PodBrowser-page-header__title"
      >
        Could not load your Pod
      </h1>
      <div
        class="PodBrowser-page-header__content"
      />
      <div
        class="PodBrowser-page-header__toolbar"
      />
    </div>
    <div
      class="PodBrowser-container"
    >
      <p>
        PodBrowser encountered an error while loading your Pod.
      </p>
    </div>
  </div>
</DocumentFragment>
`;
