// Jest Snapshot v1, https://goo.gl/fbAQLP

exports[`DetailsError Renders a details error view 1`] = `
<DocumentFragment>
  <section
    class="PodBrowser-centeredSection"
  >
    <h3
      class="PodBrowser-content-h3"
      title="iri"
    >
      name
    </h3>
  </section>
  <hr
    class="PodBrowser-root"
  />
  <section
    class="PodBrowser-centeredSection"
  >
    <h5
      class="PodBrowser-content-h5"
    >
      Error
    </h5>
    <p>
      message
    </p>
  </section>
</DocumentFragment>
`;
