// Jest Snapshot v1, https://goo.gl/fbAQLP

exports[`AlertContext it has context data 1`] = `
<DocumentFragment>
  <div>
    <div
      class="alertOpen"
    >
      true
    </div>
    <div
      class="message"
    >
      message
    </div>
    <div
      class="severity"
    >
      error
    </div>
  </div>
</DocumentFragment>
`;
