// Jest Snapshot v1, https://goo.gl/fbAQLP

exports[`AccessForbidden renders 1`] = `
<DocumentFragment>
  <div
    class="PodBrowser-page-header"
  >
    <h1
      class="PodBrowser-page-header__title"
    >
      No Access
    </h1>
    <div
      class="PodBrowser-page-header__content"
    />
    <div
      class="PodBrowser-page-header__toolbar"
    />
  </div>
  <div
    class="PodBrowser-container"
  >
    <p>
      You don't have access to this resource: 
      <a
        href="/resource/[iri]"
      >
        https%3A%2F%2Fmypod.myhost.com
      </a>
      .
    </p>
  </div>
</DocumentFragment>
`;
