// Jest Snapshot v1, https://goo.gl/fbAQLP

exports[`ContainerSubHeader Renders subheader 1`] = `
<DocumentFragment>
  <div
    class="PodBrowser-sub-header"
  >
    <div
      class="PodBrowser-loading-indicator-container PodBrowser-loading-indicator-container--center"
    >
      <svg
        class="PodBrowser-loading-indicator"
        data-testid="spinner"
        viewBox="22 22 44 44"
      >
        <circle
          cx="44"
          cy="44"
          fill="none"
          r="20.2"
          stroke-width="3.6"
        />
      </svg>
    </div>
    <div
      class="PodBrowser-actions-container"
    >
      <a
        class="PodBrowser-page-header__action"
        data-testid="folder-details-button"
        href="/resource/[iri]?action=details&resourceIri="
      >
        Folder Details
      </a>
      <button
        class="PodBrowser-page-header__action"
        data-testid="add-folder-button"
        type="button"
      >
        Create Folder
      </button>
      <label
        class="PodBrowser-page-header__action"
        data-testid="upload-file-button"
        for="upload-file-input"
        tabindex="0"
      >
        Upload File
        <input
          data-testid="upload-file-input"
          id="upload-file-input"
          style="display: none;"
          type="file"
        />
      </label>
    </div>
  </div>
</DocumentFragment>
`;
