// Jest Snapshot v1, https://goo.gl/fbAQLP

exports[`DetailsMenuContext it has context data 1`] = `
<ContextProvider
  value={
    Object {
      "action": "",
      "iri": "",
      "menuOpen": false,
      "setAction": [Function],
      "setIri": [Function],
      "setMenuOpen": [Function],
    }
  }
>
  <ChildComponent />
</ContextProvider>
`;
