// Jest Snapshot v1, https://goo.gl/fbAQLP

exports[`DetailsMenuContext it has context data 1`] = `
<ContextProvider
  value={
    Object {
      "contents": undefined,
      "menuOpen": null,
      "setMenuContents": [Function],
      "setMenuOpen": [Function],
    }
  }
>
  <ChildComponent />
</ContextProvider>
`;
