// Jest Snapshot v1, https://goo.gl/fbAQLP

exports[`Container view Renders a container view 1`] = `<ContainerTableLoading />`;

exports[`Container view Renders a table with data 1`] = `
<Fragment>
  <WithStyles(ForwardRef(Table))
    role="table"
  >
    <WithStyles(ForwardRef(TableHead))>
      <WithStyles(ForwardRef(TableRow))
        key="headerGroup_0"
        role="row"
      >
        <WithStyles(ForwardRef(TableCell))
          colSpan={1}
          key="header_name"
          onClick={[Function]}
          role="columnheader"
          style={
            Object {
              "cursor": "pointer",
            }
          }
          title="Toggle SortBy"
        >
          File
          <span />
        </WithStyles(ForwardRef(TableCell))>
        <WithStyles(ForwardRef(TableCell))
          colSpan={1}
          key="header_types[0]"
          onClick={[Function]}
          role="columnheader"
          style={
            Object {
              "cursor": "pointer",
            }
          }
          title="Toggle SortBy"
        >
          Type
          <span />
        </WithStyles(ForwardRef(TableCell))>
      </WithStyles(ForwardRef(TableRow))>
    </WithStyles(ForwardRef(TableHead))>
    <WithStyles(ForwardRef(TableBody))
      role="rowgroup"
    >
      <ContainerTableRow
        resource="https://myaccount.mypodserver.com/inbox"
      />
      <ContainerTableRow
        resource="https://myaccount.mypodserver.com/private"
      />
      <ContainerTableRow
        resource="https://myaccount.mypodserver.com/note.txt"
      />
    </WithStyles(ForwardRef(TableBody))>
  </WithStyles(ForwardRef(Table))>
  <DetailsContextMenu />
</Fragment>
`;
